
victor.valenzuela@STGRPM-NW10056 MINGW64 /c/Desarrollo Ruby on Rails para emprendimientos de tipo Startup/Terminal Git GitHub y GitHub Pages/Dia5/Prueba - Viajes Chile
$ git init
Initialized empty Git repository in C:/Desarrollo Ruby on Rails para emprendimientos de tipo Startup/Terminal Git GitHub y GitHub Pages/Dia5/Prueba - Viajes Chile/.git/

victor.valenzuela@STGRPM-NW10056 MINGW64 /c/Desarrollo Ruby on Rails para emprendimientos de tipo Startup/Terminal Git GitHub y GitHub Pages/Dia5/Prueba - Viajes Chile (master)
$ ls
README.md  assets/  index.html

victor.valenzuela@STGRPM-NW10056 MINGW64 /c/Desarrollo Ruby on Rails para emprendimientos de tipo Startup/Terminal Git GitHub y GitHub Pages/Dia5/Prueba - Viajes Chile (master)
$ git add README.md

victor.valenzuela@STGRPM-NW10056 MINGW64 /c/Desarrollo Ruby on Rails para emprendimientos de tipo Startup/Terminal Git GitHub y GitHub Pages/Dia5/Prueba - Viajes Chile (master)
$ git commit -m "Primer Commit"
[master (root-commit) 40614f0] Primer Commit
 1 file changed, 0 insertions(+), 0 deletions(-)
 create mode 100644 README.md

victor.valenzuela@STGRPM-NW10056 MINGW64 /c/Desarrollo Ruby on Rails para emprendimientos de tipo Startup/Terminal Git GitHub y GitHub Pages/Dia5/Prueba - Viajes Chile (master)
$ git remote add origin https://github.com/vicspeedy/vicspeedy.github.io.git      
victor.valenzuela@STGRPM-NW10056 MINGW64 /c/Desarrollo Ruby on Rails para emprendimientos de tipo Startup/Terminal Git GitHub y GitHub Pages/Dia5/Prueba - Viajes Chile (master)
$ git branch -M main

victor.valenzuela@STGRPM-NW10056 MINGW64 /c/Desarrollo Ruby on Rails para emprendimientos de tipo Startup/Terminal Git GitHub y GitHub Pages/Dia5/Prueba - Viajes Chile (main)
$ git push -u origin main
Enumerating objects: 3, done.
Counting objects: 100% (3/3), done.
Writing objects: 100% (3/3), 229 bytes | 25.00 KiB/s, done.
Total 3 (delta 0), reused 0 (delta 0), pack-reused 0
To https://github.com/vicspeedy/vicspeedy.github.io.git
 * [new branch]      main -> main
branch 'main' set up to track 'origin/main'.

victor.valenzuela@STGRPM-NW10056 MINGW64 /c/Desarrollo Ruby on Rails para emprendimientos de tipo Startup/Terminal Git GitHub y GitHub Pages/Dia5/Prueba - Viajes Chile (main)
$ ls -la
total 28
drwxr-xr-x 1 victor.valenzuela 1049089     0 Apr 27 13:36 ./
drwxr-xr-x 1 victor.valenzuela 1049089     0 Apr 27 12:29 ../
drwxr-xr-x 1 victor.valenzuela 1049089     0 Apr 27 13:40 .git/
drwxr-xr-x 1 victor.valenzuela 1049089     0 Apr 25 19:20 .vscode/
-rw-r--r-- 1 victor.valenzuela 1049089     0 Apr 27 12:54 README.md
drwxr-xr-x 1 victor.valenzuela 1049089     0 Apr 25 18:49 assets/
-rw-r--r-- 1 victor.valenzuela 1049089 15421 Apr 27 12:08 index.html

victor.valenzuela@STGRPM-NW10056 MINGW64 /c/Desarrollo Ruby on Rails para emprendimientos de tipo Startup/Terminal Git GitHub y GitHub Pages/Dia5/Prueba - Viajes Chile (main)
$ git status
On branch main
Your branch is up to date with 'origin/main'.

Untracked files:
  (use "git add <file>..." to include in what will be committed)
        .vscode/
        assets/
        index.html

nothing added to commit but untracked files present (use "git add" to track)

victor.valenzuela@STGRPM-NW10056 MINGW64 /c/Desarrollo Ruby on Rails para emprendimientos de tipo Startup/Terminal Git GitHub y GitHub Pages/Dia5/Prueba - Viajes Chile (main)
$ git add index.html

victor.valenzuela@STGRPM-NW10056 MINGW64 /c/Desarrollo Ruby on Rails para emprendimientos de tipo Startup/Terminal Git GitHub y GitHub Pages/Dia5/Prueba - Viajes Chile (main)
$ git commit -m "subir index"
[main 7feeee7] subir index
 1 file changed, 312 insertions(+)
 create mode 100644 index.html

victor.valenzuela@STGRPM-NW10056 MINGW64 /c/Desarrollo Ruby on Rails para emprendimientos de tipo Startup/Terminal Git GitHub y GitHub Pages/Dia5/Prueba - Viajes Chile (main)
$ git add .vscode

victor.valenzuela@STGRPM-NW10056 MINGW64 /c/Desarrollo Ruby on Rails para emprendimientos de tipo Startup/Terminal Git GitHub y GitHub Pages/Dia5/Prueba - Viajes Chile (main)
$ git add assets/

victor.valenzuela@STGRPM-NW10056 MINGW64 /c/Desarrollo Ruby on Rails para emprendimientos de tipo Startup/Terminal Git GitHub y GitHub Pages/Dia5/Prueba - Viajes Chile (main)
$ git commit -m "subir carpetas"
[main e147071] subir carpetas
 11 files changed, 128 insertions(+)
 create mode 100644 .vscode/settings.json
 create mode 100644 assets/css/style.css
 create mode 100644 assets/img/card1.jpg
 create mode 100644 assets/img/card2.jpg
 create mode 100644 assets/img/card3.jpg
 create mode 100644 assets/img/card4.jpg
 create mode 100644 assets/img/carousel1.jpg
 create mode 100644 assets/img/carousel2.jpg
 create mode 100644 assets/img/carousel3.jpg
 create mode 100644 assets/img/viajes.svg
 create mode 100644 assets/js/script.js

victor.valenzuela@STGRPM-NW10056 MINGW64 /c/Desarrollo Ruby on Rails para emprendimientos de tipo Startup/Terminal Git GitHub y GitHub Pages/Dia5/Prueba - Viajes Chile (main)
$ git push -u origin master
error: src refspec master does not match any
error: failed to push some refs to 'https://github.com/vicspeedy/vicspeedy.github.io.git'

victor.valenzuela@STGRPM-NW10056 MINGW64 /c/Desarrollo Ruby on Rails para emprendimientos de tipo Startup/Terminal Git GitHub y GitHub Pages/Dia5/Prueba - Viajes Chile (main)
$ git push origin main
Enumerating objects: 22, done.
Counting objects: 100% (22/22), done.
Delta compression using up to 8 threads
Compressing objects: 100% (17/17), done.
Writing objects: 100% (21/21), 16.92 MiB | 1.70 MiB/s, done.
Total 21 (delta 0), reused 0 (delta 0), pack-reused 0
To https://github.com/vicspeedy/vicspeedy.github.io.git
   40614f0..e147071  main -> main

victor.valenzuela@STGRPM-NW10056 MINGW64 /c/Desarrollo Ruby on Rails para emprendimientos de tipo Startup/Terminal Git GitHub y GitHub Pages/Dia5/Prueba - Viajes Chile (main)
$ git status
On branch main
Your branch is up to date with 'origin/main'.

Changes not staged for commit:
  (use "git add <file>..." to update what will be committed)
  (use "git restore <file>..." to discard changes in working directory)
        modified:   assets/css/style.css

no changes added to commit (use "git add" and/or "git commit -a")

victor.valenzuela@STGRPM-NW10056 MINGW64 /c/Desarrollo Ruby on Rails para emprendimientos de tipo Startup/Terminal Git GitHub y GitHub Pages/Dia5/Prueba - Viajes Chile (main)
$ git commit -m "actualizacion css"
On branch main
Your branch is up to date with 'origin/main'.

Changes not staged for commit:
  (use "git add <file>..." to update what will be committed)
  (use "git restore <file>..." to discard changes in working directory)
        modified:   assets/css/style.css

no changes added to commit (use "git add" and/or "git commit -a")

victor.valenzuela@STGRPM-NW10056 MINGW64 /c/Desarrollo Ruby on Rails para emprendimientos de tipo Startup/Terminal Git GitHub y GitHub Pages/Dia5/Prueba - Viajes Chile (main)
$ git push origin main
Everything up-to-date

victor.valenzuela@STGRPM-NW10056 MINGW64 /c/Desarrollo Ruby on Rails para emprendimientos de tipo Startup/Terminal Git GitHub y GitHub Pages/Dia5/Prueba - Viajes Chile (main)
$ git log
commit e147071a581a0f477effc2295fa084e088337367 (HEAD -> main, origin/main)
Author: IPGLA\victor.valenzuela <botesh2k@gmail.com>
Date:   Thu Apr 27 13:48:09 2023 -0400

    subir carpetas

commit 7feeee7465522c8bf5504f45728c21b80887d1b0
Author: IPGLA\victor.valenzuela <botesh2k@gmail.com>
Date:   Thu Apr 27 13:46:46 2023 -0400

    subir index

commit 40614f048c688fdb77b419978cf4ca5242d0deb5
Author: IPGLA\victor.valenzuela <botesh2k@gmail.com>
Date:   Thu Apr 27 13:37:56 2023 -0400

    Primer Commit

victor.valenzuela@STGRPM-NW10056 MINGW64 /c/Desarrollo Ruby on Rails para emprendimientos de tipo Startup/Terminal Git GitHub y GitHub Pages/Dia5/Prueba - Viajes Chile (main)
$ git status
On branch main
Your branch is up to date with 'origin/main'.

Changes not staged for commit:
  (use "git add <file>..." to update what will be committed)
  (use "git restore <file>..." to discard changes in working directory)
        modified:   README.md
        modified:   assets/css/style.css

no changes added to commit (use "git add" and/or "git commit -a")

victor.valenzuela@STGRPM-NW10056 MINGW64 /c/Desarrollo Ruby on Rails para emprendimientos de tipo Startup/Terminal Git GitHub y GitHub Pages/Dia5/Prueba - Viajes Chile (main)
$ git add README.md

victor.valenzuela@STGRPM-NW10056 MINGW64 /c/Desarrollo Ruby on Rails para emprendimientos de tipo Startup/Terminal Git GitHub y GitHub Pages/Dia5/Prueba - Viajes Chile (main)
$ git commit -m "actualizacion README"
[main 1073ed0] actualizacion README
 1 file changed, 3 insertions(+)

victor.valenzuela@STGRPM-NW10056 MINGW64 /c/Desarrollo Ruby on Rails para emprendimientos de tipo Startup/Terminal Git GitHub y GitHub Pages/Dia5/Prueba - Viajes Chile (main)
$ git status
On branch main
Your branch is ahead of 'origin/main' by 1 commit.
  (use "git push" to publish your local commits)

Changes not staged for commit:
  (use "git add <file>..." to update what will be committed)
  (use "git restore <file>..." to discard changes in working directory)
        modified:   assets/css/style.css

no changes added to commit (use "git add" and/or "git commit -a")

victor.valenzuela@STGRPM-NW10056 MINGW64 /c/Desarrollo Ruby on Rails para emprendimientos de tipo Startup/Terminal Git GitHub y GitHub Pages/Dia5/Prueba - Viajes Chile (main)
$ git push origin main
Enumerating objects: 5, done.
Counting objects: 100% (5/5), done.
Delta compression using up to 8 threads
Compressing objects: 100% (3/3), done.
Writing objects: 100% (3/3), 436 bytes | 27.00 KiB/s, done.
Total 3 (delta 0), reused 0 (delta 0), pack-reused 0
To https://github.com/vicspeedy/vicspeedy.github.io.git
   e147071..1073ed0  main -> main

victor.valenzuela@STGRPM-NW10056 MINGW64 /c/Desarrollo Ruby on Rails para emprendimientos de tipo Startup/Terminal Git GitHub y GitHub Pages/Dia5/Prueba - Viajes Chile (main)
$ git status
On branch main
Your branch is up to date with 'origin/main'.

Changes not staged for commit:
  (use "git add <file>..." to update what will be committed)
  (use "git restore <file>..." to discard changes in working directory)
        modified:   assets/css/style.css

no changes added to commit (use "git add" and/or "git commit -a")

victor.valenzuela@STGRPM-NW10056 MINGW64 /c/Desarrollo Ruby on Rails para emprendimientos de tipo Startup/Terminal Git GitHub y GitHub Pages/Dia5/Prueba - Viajes Chile (main)
$ git add assets/css/style.css

victor.valenzuela@STGRPM-NW10056 MINGW64 /c/Desarrollo Ruby on Rails para emprendimientos de tipo Startup/Terminal Git GitHub y GitHub Pages/Dia5/Prueba - Viajes Chile (main)
$ git commit -m "actualizacion style.css"
[main 6346e02] actualizacion style.css
 1 file changed, 7 insertions(+)

victor.valenzuela@STGRPM-NW10056 MINGW64 /c/Desarrollo Ruby on Rails para emprendimientos de tipo Startup/Terminal Git GitHub y GitHub Pages/Dia5/Prueba - Viajes Chile (main)
$ git push origin main
Enumerating objects: 9, done.
Counting objects: 100% (9/9), done.
Delta compression using up to 8 threads
Compressing objects: 100% (4/4), done.
Writing objects: 100% (5/5), 477 bytes | 29.00 KiB/s, done.
Total 5 (delta 2), reused 0 (delta 0), pack-reused 0
remote: Resolving deltas: 100% (2/2), completed with 2 local objects.
To https://github.com/vicspeedy/vicspeedy.github.io.git
   1073ed0..6346e02  main -> main

victor.valenzuela@STGRPM-NW10056 MINGW64 /c/Desarrollo Ruby on Rails para emprendimientos de tipo Startup/Terminal Git GitHub y GitHub Pages/Dia5/Prueba - Viajes Chile (main)
$ git log
commit 6346e023b6f6366a06e74b90aa44f12f5efad9a8 (HEAD -> main, origin/main)
Author: IPGLA\victor.valenzuela <botesh2k@gmail.com>
Date:   Thu Apr 27 14:10:29 2023 -0400

    actualizacion style.css

    actualizacion style.css

commit 1073ed0d1f655bded3f42ddd7deed6791ea38a34
Author: IPGLA\victor.valenzuela <botesh2k@gmail.com>
Date:   Thu Apr 27 14:05:16 2023 -0400

    actualizacion README

commit e147071a581a0f477effc2295fa084e088337367
Author: IPGLA\victor.valenzuela <botesh2k@gmail.com>
Date:   Thu Apr 27 13:48:09 2023 -0400

    subir carpetas

commit 7feeee7465522c8bf5504f45728c21b80887d1b0
Author: IPGLA\victor.valenzuela <botesh2k@gmail.com>
Date:   Thu Apr 27 13:46:46 2023 -0400

    subir index

commit 40614f048c688fdb77b419978cf4ca5242d0deb5
Author: IPGLA\victor.valenzuela <botesh2k@gmail.com>
Date:   Thu Apr 27 13:37:56 2023 -0400


q
quit

victor.valenzuela@STGRPM-NW10056 MINGW64 /c/Desarrollo Ruby on Rails para emprendimientos de tipo Startup/Terminal Git GitHub y GitHub Pages/Dia5/Prueba - Viajes Chile (main)
$
exit

victor.valenzuela@STGRPM-NW10056 MINGW64 /c/Desarrollo Ruby on Rails para emprendimientos de tipo Startup/Terminal Git GitHub y GitHub Pages/Dia5/Prueba - Viajes Chile (main)
$ q



victor.valenzuela@STGRPM-NW10056 MINGW64 /c/Desarrollo Ruby on Rails para emprendimientos de tipo Startup/Terminal Git GitHub y GitHub Pages/Dia5/Prueba - Viajes Chile (main)
$


victor.valenzuela@STGRPM-NW10056 MINGW64 /c/Desarrollo Ruby on Rails para emprendimientos de tipo Startup/Terminal Git GitHub y GitHub Pages/Dia5/Prueba - Viajes Chile (main)
$ it log --all --decorate  --oneline
bash: it: command not found
victor.valenzuela@STGRPM-NW10056 MINGW64 /c/Desarrollo Ruby on Rails para emprendimientos de tipo Startup/Terminal Git GitHub y GitHub Pages/Dia5/Prueba - Viajes Chile (main)
$ git log --all --decorate  --oneline
6346e02 (HEAD -> main, origin/main) actualizacion style.css
1073ed0 actualizacion README
e147071 subir carpetas
7feeee7 subir index
40614f0 Primer Commit

victor.valenzuela@STGRPM-NW10056 MINGW64 /c/Desarrollo Ruby on Rails para emprendimientos de tipo Startup/Terminal Git GitHub y GitHub Pages/Dia5/Prueba - Viajes Chile (main)
$
